
> splitexpenses@1.5.0 start:individual
> nx serve gastos-individuales


> nx run gastos-individuales:serve:development

[33m❯[39m Building...
[32m✔[39m Building...
[37m[1mInitial chunk files[22m[2m | [22m[1mNames[22m        [2m | [22m [1mRaw size[22m
[32mmain.js[37m            [2m | [22m[2mmain[22m         [2m | [22m[36m194.05 kB[37m[2m | [22m
[32mstyles.css[37m         [2m | [22m[2mstyles[22m       [2m | [22m [36m71.68 kB[37m[2m | [22m
[32mpolyfills.js[37m       [2m | [22m[2mpolyfills[22m    [2m | [22m[36m110 bytes[37m[2m | [22m
[1m [22m                  [2m | [22m[1mInitial total[22m[2m | [22m[1m265.84 kB[22m
Application bundle generation complete. [10.230 seconds] - 2026-09-12T19:49:37.258Z
[39m
[1m[33m[33m▲ [43;33m[[43;30mWARNING[43;33m][0m [1mNG8107: NG8107: The left side of this optional chain operation does not include 'null' or 'undefined' in its type, therefore the '?.' operator can be replaced with the '.' operator. Find more at https://v22.angular.dev/extended-diagnostics/NG8107[0m [1m[35m[plugin angular-compiler][0m
    src/app/expenses/expenses-list/expenses-list.component.html:116:46:
[37m      116 │ ...            @if (expense.sharedByNames?.[32mlength[37m === userCount()) {
          ╵                                            [32m~~~~~~[0m
  Warning occurs in the template of component ExpensesListComponent.
    src/app/expenses/expenses-list/expenses-list.component.ts:45:15:
[37m      45 │   templateUrl: [32m'./expenses-list.component.html'[37m,
         ╵                [32m~~~~~~~~~~~~~~~~~~~~~~~~~~~~~~~~[0m
[33m▲ [43;33m[[43;30mWARNING[43;33m][0m [1mNG8107: NG8107: The left side of this optional chain operation does not include 'null' or 'undefined' in its type, therefore the '?.' operator can be replaced with the '.' operator. Find more at https://v22.angular.dev/extended-diagnostics/NG8107[0m [1m[35m[plugin angular-compiler][0m
    src/app/expenses/expenses-list/expenses-list.component.html:119:46:
[37m      119 │ ...      {{ expense.sharedByNames?.[32mlength[37m }} <span i18n>pers.</span>
          ╵                                    [32m~~~~~~[0m
  Warning occurs in the template of component ExpensesListComponent.
    src/app/expenses/expenses-list/expenses-list.component.ts:45:15:
[37m      45 │   templateUrl: [32m'./expenses-list.component.html'[37m,
         ╵                [32m~~~~~~~~~~~~~~~~~~~~~~~~~~~~~~~~[0m
[33m▲ [43;33m[[43;30mWARNING[43;33m][0m [1mDeprecation[0m [1m[35m[plugin angular-sass][0m
    apps/gastos-individuales/src/styles.scss:1:8:
[37m      1 │ @import [32m[37m'../../../src/styles.scss';
        ╵         [32m^[0m
  Sass @import rules are deprecated a[39m[22m[1m[33mnd will be removed in Dart Sass 3.0.0.

  More info and automated migrator: [4mhttps://sass-lang.com/d/import[0m
  The plugin "angular-sass" was triggered by this import
    angular:styles/global:styles:1:8:
[37m      1 │ @import [32m'apps/gastos-individuales/src/styles.scss'[37m;
        ╵         [32m~~~~~~~~~~~~~~~~~~~~~~~~~~~~~~~~~~~~~~~~~~[0m
[39m[22m
[37mWatch mode enabled. Watching for file changes...[39m
[37mNOTE: Raw file sizes do not reflect development server per-request transformations.[39m
  [32m➜[39m  [1mLocal[22m:   [36mhttp://localhost:[1m4200[22m/[39m
